// Jest Snapshot v1, https://goo.gl/fbAQLP

exports[`PublicRoutes snapshot test 1`] = `<DocumentFragment />`;
