// Jest Snapshot v1, https://goo.gl/fbAQLP

exports[`DashboardDetail snapshot test 1`] = `
<DocumentFragment>
  <div
    class="MuiPaper-root MuiPaper-elevation MuiPaper-rounded MuiPaper-elevation1 w-2/5 px-4 md:w-[48%] lg:w-1/4 h-24 lg:h-32 flex flex-grow md:shrink-0 lg:shrink justify-between items-center rounded-xl cursor-pointer hover:brightness-90 bg-primary-main  css-1ps6pg7-MuiPaper-root"
  >
    <svg
      aria-hidden="true"
      class="MuiSvgIcon-root MuiSvgIcon-fontSizeMedium text-4xl md:text-5xl xl:text-7xl px-0 text-white css-i4bv87-MuiSvgIcon-root"
      data-testid="AccountBoxIcon"
      focusable="false"
      viewBox="0 0 24 24"
    >
      <path
        d="M19 3H5c-1.1 0-2 .9-2 2v14c0 1.1.9 2 2 2h14c1.1 0 2-.9 2-2V5c0-1.1-.9-2-2-2zm-7 3c1.93 0 3.5 1.57 3.5 3.5S13.93 13 12 13s-3.5-1.57-3.5-3.5S10.07 6 12 6zm7 13H5v-.23c0-.62.28-1.2.76-1.58C7.47 15.82 9.64 15 12 15s4.53.82 6.24 2.19c.48.38.76.97.76 1.58V19z"
      />
    </svg>
    <div
      class="h-4/5 flex flex-col items-end justify-evenly MuiBox-root css-0"
    >
      <p
        class="MuiTypography-root MuiTypography-body1 md:text-xl lg:text-2xl font-semibold  text-white css-ahj2mt-MuiTypography-root"
      >
        Students
      </p>
      <p
        class="MuiTypography-root MuiTypography-body1  text-2xl lg:text-3xl font-semibold text-white css-ahj2mt-MuiTypography-root"
      >
        50
      </p>
    </div>
  </div>
</DocumentFragment>
`;
