// Jest Snapshot v1, https://goo.gl/fbAQLP

exports[`ChartComponent snapshot test 1`] = `<DocumentFragment />`;
