// Jest Snapshot v1, https://goo.gl/fbAQLP

exports[`ConfirmationModal snapshot test 1`] = `<DocumentFragment />`;
