// Jest Snapshot v1, https://goo.gl/fbAQLP

exports[`DialogModal snapshot test 1`] = `<DocumentFragment />`;
