// Jest Snapshot v1, https://goo.gl/fbAQLP

exports[`Navbar Snapshot testing 1`] = `
<DocumentFragment>
  <div
    class="h-20 bg-background-default MuiBox-root css-1vu2yqv"
    data-testid="navbar"
  >
    <div
      class="MuiToolbar-root MuiToolbar-gutters MuiToolbar-regular h-20 px-2.5 md:px-5 animate-slideDown css-hyum1k-MuiToolbar-root"
    >
      <button
        aria-label="menu"
        class="MuiButtonBase-root MuiIconButton-root MuiIconButton-colorInherit MuiIconButton-edgeStart MuiIconButton-sizeLarge mr-4 css-184mzhy-MuiButtonBase-root-MuiIconButton-root"
        tabindex="0"
        type="button"
      >
        <svg
          aria-hidden="true"
          class="MuiSvgIcon-root MuiSvgIcon-fontSizeMedium text-3xl css-i4bv87-MuiSvgIcon-root"
          data-testid="SegmentIcon"
          focusable="false"
          viewBox="0 0 24 24"
        >
          <path
            d="M9 18h12v-2H9v2zM3 6v2h18V6H3zm6 7h12v-2H9v2z"
          />
        </svg>
        <span
          class="MuiTouchRipple-root css-8je8zh-MuiTouchRipple-root"
        />
      </button>
      <h5
        class="MuiTypography-root MuiTypography-h5 grow font-bold text-2xl md:text-3xl css-ag7rrr-MuiTypography-root"
      >
        Dashboard
      </h5>
      <div
        class="grow-0 MuiBox-root css-0"
      >
        <button
          aria-label="Open settings"
          class="MuiButtonBase-root MuiIconButton-root MuiIconButton-sizeMedium p-0 css-78trlr-MuiButtonBase-root-MuiIconButton-root"
          data-mui-internal-clone-element="true"
          tabindex="0"
          type="button"
        >
          <div
            class="MuiAvatar-root MuiAvatar-circular MuiAvatar-colorDefault bg-primary-main w-8 h-8 md:h-10 md:w-10 css-2s90m6-MuiAvatar-root"
          >
            <svg
              aria-hidden="true"
              class="MuiSvgIcon-root MuiSvgIcon-fontSizeMedium MuiAvatar-fallback css-10mi8st-MuiSvgIcon-root-MuiAvatar-fallback"
              data-testid="PersonIcon"
              focusable="false"
              viewBox="0 0 24 24"
            >
              <path
                d="M12 12c2.21 0 4-1.79 4-4s-1.79-4-4-4-4 1.79-4 4 1.79 4 4 4zm0 2c-2.67 0-8 1.34-8 4v2h16v-2c0-2.66-5.33-4-8-4z"
              />
            </svg>
          </div>
          <span
            class="MuiTouchRipple-root css-8je8zh-MuiTouchRipple-root"
          />
        </button>
      </div>
    </div>
  </div>
</DocumentFragment>
`;
