// Jest Snapshot v1, https://goo.gl/fbAQLP

exports[`Forbidden component snapshot test 1`] = `
<DocumentFragment>
  <div
    class="h-screen w-full flex items-center justify-center lg:justify-start flex-col bg-white MuiBox-root css-0"
  >
    <img
      class="w-full md:w-1/2 h-auto  lg:h-max-[50vh] MuiBox-root css-0"
      src="404errorimg.png"
    />
    <div
      class="MuiBox-root css-0"
    >
      <button
        class="MuiButtonBase-root MuiButton-root MuiButton-outlined MuiButton-outlinedPrimary MuiButton-sizeLarge MuiButton-outlinedSizeLarge MuiButton-root MuiButton-outlined MuiButton-outlinedPrimary MuiButton-sizeLarge MuiButton-outlinedSizeLarge mr-8 css-9y1egq-MuiButtonBase-root-MuiButton-root"
        tabindex="0"
        type="button"
      >
        <span
          class="MuiButton-startIcon MuiButton-iconSizeLarge css-htszrh-MuiButton-startIcon"
        >
          <svg
            aria-hidden="true"
            class="MuiSvgIcon-root MuiSvgIcon-fontSizeMedium css-i4bv87-MuiSvgIcon-root"
            data-testid="ArrowBackIcon"
            focusable="false"
            viewBox="0 0 24 24"
          >
            <path
              d="M20 11H7.83l5.59-5.59L12 4l-8 8 8 8 1.41-1.41L7.83 13H20v-2z"
            />
          </svg>
        </span>
        Back
        <span
          class="MuiTouchRipple-root css-8je8zh-MuiTouchRipple-root"
        />
      </button>
      <button
        class="MuiButtonBase-root MuiButton-root MuiButton-contained MuiButton-containedPrimary MuiButton-sizeLarge MuiButton-containedSizeLarge MuiButton-root MuiButton-contained MuiButton-containedPrimary MuiButton-sizeLarge MuiButton-containedSizeLarge css-jh47zj-MuiButtonBase-root-MuiButton-root"
        tabindex="0"
        type="button"
      >
        <span
          class="MuiButton-startIcon MuiButton-iconSizeLarge css-htszrh-MuiButton-startIcon"
        >
          <svg
            aria-hidden="true"
            class="MuiSvgIcon-root MuiSvgIcon-fontSizeMedium css-i4bv87-MuiSvgIcon-root"
            data-testid="HomeIcon"
            focusable="false"
            viewBox="0 0 24 24"
          >
            <path
              d="M10 20v-6h4v6h5v-8h3L12 3 2 12h3v8z"
            />
          </svg>
        </span>
        Home
        <span
          class="MuiTouchRipple-root css-8je8zh-MuiTouchRipple-root"
        />
      </button>
    </div>
  </div>
</DocumentFragment>
`;
