// Jest Snapshot v1, https://goo.gl/fbAQLP

exports[`Complaints Page snapshot test 1`] = `
<DocumentFragment>
  <div
    class="flex w-[96%] justify-start items-center gap-2 shrink flex-wrap mx-auto gap-x-2 md:gap-x-4 MuiBox-root css-0"
  >
    <div
      class="MuiButtonBase-root MuiChip-root MuiChip-filled MuiChip-sizeMedium MuiChip-colorDefault MuiChip-clickable MuiChip-clickableColorDefault MuiChip-filledDefault w-24 justify-around capitalize animate-slidein border-primary-light bg-primary-light  bg-opacity-25 border-opacity-25 text-primary-dark flex-row-reverse  css-93yb24-MuiButtonBase-root-MuiChip-root"
      role="button"
      tabindex="0"
    >
      <span
        class="MuiChip-label MuiChip-labelMedium css-6od3lo-MuiChip-label"
      >
        all
      </span>
      <span
        class="MuiTouchRipple-root css-8je8zh-MuiTouchRipple-root"
      />
    </div>
    <div
      class="MuiButtonBase-root MuiChip-root MuiChip-outlined MuiChip-sizeMedium MuiChip-colorDefault MuiChip-clickable MuiChip-clickableColorDefault MuiChip-outlinedDefault w-24 justify-around capitalize animate-slidein border-error-light bg-white text-error-dark flex-row-reverse  css-1izds7p-MuiButtonBase-root-MuiChip-root"
      role="button"
      tabindex="0"
    >
      <span
        class="MuiChip-label MuiChip-labelMedium css-1jzq0dw-MuiChip-label"
      >
        pending
      </span>
      <span
        class="MuiTouchRipple-root css-8je8zh-MuiTouchRipple-root"
      />
    </div>
    <div
      class="MuiButtonBase-root MuiChip-root MuiChip-outlined MuiChip-sizeMedium MuiChip-colorDefault MuiChip-clickable MuiChip-clickableColorDefault MuiChip-outlinedDefault w-24 justify-around capitalize animate-slidein border-success-light bg-white text-success-dark flex-row-reverse  css-1izds7p-MuiButtonBase-root-MuiChip-root"
      role="button"
      tabindex="0"
    >
      <span
        class="MuiChip-label MuiChip-labelMedium css-1jzq0dw-MuiChip-label"
      >
        resolved
      </span>
      <span
        class="MuiTouchRipple-root css-8je8zh-MuiTouchRipple-root"
      />
    </div>
    <div
      class="MuiButtonBase-root MuiChip-root MuiChip-outlined MuiChip-sizeMedium MuiChip-colorDefault MuiChip-clickable MuiChip-clickableColorDefault MuiChip-outlinedDefault w-24 justify-around capitalize animate-slidein border-gray-500 bg-white text-gray-600 flex-row-reverse  css-1izds7p-MuiButtonBase-root-MuiChip-root"
      role="button"
      tabindex="0"
    >
      <span
        class="MuiChip-label MuiChip-labelMedium css-1jzq0dw-MuiChip-label"
      >
        invalid
      </span>
      <span
        class="MuiTouchRipple-root css-8je8zh-MuiTouchRipple-root"
      />
    </div>
  </div>
  <div
    class="w-[96%] h-[85vh] md:h-full my-4 xl:my-6  mx-auto overflow-hidden rounded-xl MuiBox-root css-0"
  >
    <div
      aria-colcount="6"
      aria-multiselectable="false"
      aria-rowcount="1"
      class="max-h-full bg-white rounded-xl MuiDataGrid-root MuiDataGrid-root--densityStandard MuiDataGrid-withBorderColor css-13dniha-MuiDataGrid-root"
      role="grid"
    >
      <div
        class="MuiDataGrid-main css-204u17-MuiDataGrid-main"
      >
        <div
          class="MuiDataGrid-columnHeaders MuiDataGrid-withBorderColor css-1iyq7zh-MuiDataGrid-columnHeaders"
          role="presentation"
          style="min-height: 56px; max-height: 56px; line-height: 56px;"
        >
          <div
            class="MuiDataGrid-columnHeadersInner MuiDataGrid-columnHeadersInner--scrollable css-gl260s-MuiDataGrid-columnHeadersInner"
            role="rowgroup"
            style="transform: translate3d(0px, 0px, 0px);"
          >
            <div
              aria-rowindex="1"
              class="css-yrdy0g-MuiDataGrid-columnHeaderRow"
              role="row"
            >
              <div
                aria-colindex="1"
                aria-sort="none"
                class="MuiDataGrid-columnHeader MuiDataGrid-columnHeader--alignCenter MuiDataGrid-withBorderColor pl-8"
                data-field="id"
                role="columnheader"
                style="height: 56px; width: 100px; min-width: 100px; max-width: 100px;"
                tabindex="0"
              >
                <div
                  class="MuiDataGrid-columnHeaderDraggableContainer"
                  draggable="false"
                  role="presentation"
                >
                  <div
                    class="MuiDataGrid-columnHeaderTitleContainer"
                    role="presentation"
                  >
                    <div
                      class="MuiDataGrid-columnHeaderTitleContainerContent"
                    >
                      <p
                        class="MuiTypography-root MuiTypography-body1 font-semibold css-ahj2mt-MuiTypography-root"
                      >
                        Id
                      </p>
                    </div>
                  </div>
                </div>
                <div
                  class="MuiDataGrid-columnSeparator MuiDataGrid-columnSeparator--sideRight"
                  style="min-height: 56px; opacity: 1;"
                >
                  <svg
                    aria-hidden="true"
                    class="MuiSvgIcon-root MuiSvgIcon-fontSizeMedium MuiDataGrid-iconSeparator css-i4bv87-MuiSvgIcon-root"
                    data-testid="SeparatorIcon"
                    focusable="false"
                    viewBox="0 0 24 24"
                  >
                    <path
                      d="M11 19V5h2v14z"
                    />
                  </svg>
                </div>
              </div>
              <div
                aria-colindex="2"
                aria-sort="none"
                class="MuiDataGrid-columnHeader MuiDataGrid-columnHeader--alignCenter MuiDataGrid-withBorderColor pl-8"
                data-field="date"
                role="columnheader"
                style="height: 56px; width: 150px; min-width: 150px; max-width: 150px;"
                tabindex="-1"
              >
                <div
                  class="MuiDataGrid-columnHeaderDraggableContainer"
                  draggable="false"
                  role="presentation"
                >
                  <div
                    class="MuiDataGrid-columnHeaderTitleContainer"
                    role="presentation"
                  >
                    <div
                      class="MuiDataGrid-columnHeaderTitleContainerContent"
                    >
                      <p
                        class="MuiTypography-root MuiTypography-body1 font-semibold css-ahj2mt-MuiTypography-root"
                      >
                        Created at
                      </p>
                    </div>
                  </div>
                </div>
                <div
                  class="MuiDataGrid-columnSeparator MuiDataGrid-columnSeparator--sideRight"
                  style="min-height: 56px; opacity: 1;"
                >
                  <svg
                    aria-hidden="true"
                    class="MuiSvgIcon-root MuiSvgIcon-fontSizeMedium MuiDataGrid-iconSeparator css-i4bv87-MuiSvgIcon-root"
                    data-testid="SeparatorIcon"
                    focusable="false"
                    viewBox="0 0 24 24"
                  >
                    <path
                      d="M11 19V5h2v14z"
                    />
                  </svg>
                </div>
              </div>
              <div
                aria-colindex="3"
                aria-sort="none"
                class="MuiDataGrid-columnHeader MuiDataGrid-columnHeader--alignCenter MuiDataGrid-withBorderColor"
                data-field="type"
                role="columnheader"
                style="height: 56px; width: 0px; min-width: 0; max-width: 0;"
                tabindex="-1"
              >
                <div
                  class="MuiDataGrid-columnHeaderDraggableContainer"
                  draggable="false"
                  role="presentation"
                >
                  <div
                    class="MuiDataGrid-columnHeaderTitleContainer"
                    role="presentation"
                  >
                    <div
                      class="MuiDataGrid-columnHeaderTitleContainerContent"
                    >
                      <p
                        class="MuiTypography-root MuiTypography-body1 font-semibold css-ahj2mt-MuiTypography-root"
                      >
                        Type
                      </p>
                    </div>
                  </div>
                </div>
                <div
                  class="MuiDataGrid-columnSeparator MuiDataGrid-columnSeparator--sideRight"
                  style="min-height: 56px; opacity: 1;"
                >
                  <svg
                    aria-hidden="true"
                    class="MuiSvgIcon-root MuiSvgIcon-fontSizeMedium MuiDataGrid-iconSeparator css-i4bv87-MuiSvgIcon-root"
                    data-testid="SeparatorIcon"
                    focusable="false"
                    viewBox="0 0 24 24"
                  >
                    <path
                      d="M11 19V5h2v14z"
                    />
                  </svg>
                </div>
              </div>
            </div>
          </div>
        </div>
        <div
          class="MuiDataGrid-virtualScroller css-qvtrhg-MuiDataGrid-virtualScroller"
          role="presentation"
          style="overflow-x: hidden;"
        >
          <div
            class="MuiDataGrid-overlayWrapper css-19qgr0z-MuiDataGrid-overlayWrapper"
          >
            <div
              class="MuiDataGrid-overlayWrapperInner css-1akuw9y-MuiDataGrid-overlayWrapperInner"
              style="height: 0px; width: 0px;"
            >
              <div
                class="MuiDataGrid-overlay css-1w53k9d-MuiDataGrid-overlay"
              >
                <span
                  class="MuiCircularProgress-root MuiCircularProgress-indeterminate MuiCircularProgress-colorPrimary css-18lrjg1-MuiCircularProgress-root"
                  role="progressbar"
                  style="width: 40px; height: 40px;"
                >
                  <svg
                    class="MuiCircularProgress-svg css-1idz92c-MuiCircularProgress-svg"
                    viewBox="22 22 44 44"
                  >
                    <circle
                      class="MuiCircularProgress-circle MuiCircularProgress-circleIndeterminate css-176wh8e-MuiCircularProgress-circle"
                      cx="44"
                      cy="44"
                      fill="none"
                      r="20.2"
                      stroke-width="3.6"
                    />
                  </svg>
                </span>
              </div>
            </div>
          </div>
          <div
            class="MuiDataGrid-virtualScrollerContent MuiDataGrid-virtualScrollerContent--overflowed css-1kwdphh-MuiDataGrid-virtualScrollerContent"
            role="presentation"
            style="width: auto; height: 1px; min-height: auto;"
          >
            <div
              class="MuiDataGrid-virtualScrollerRenderZone css-s1v7zr-MuiDataGrid-virtualScrollerRenderZone"
              role="rowgroup"
              style="transform: translate3d(0px, undefinedpx, 0px);"
            />
          </div>
        </div>
      </div>
      <div
        class="MuiDataGrid-footerContainer MuiDataGrid-withBorderColor css-wop1k0-MuiDataGrid-footerContainer"
      >
        <div />
        <div
          class="MuiTablePagination-root css-rtrcn9-MuiTablePagination-root"
        >
          <div
            class="MuiToolbar-root MuiToolbar-gutters MuiToolbar-regular MuiTablePagination-toolbar css-78c6dr-MuiToolbar-root-MuiTablePagination-toolbar"
          >
            <div
              class="MuiTablePagination-spacer css-1psng7p-MuiTablePagination-spacer"
            />
            <p
              class="MuiTablePagination-displayedRows css-levciy-MuiTablePagination-displayedRows"
            >
              0–0 of 0
            </p>
            <div
              class="MuiTablePagination-actions"
            >
              <button
                aria-label="Go to previous page"
                class="MuiButtonBase-root Mui-disabled MuiIconButton-root Mui-disabled MuiIconButton-colorInherit MuiIconButton-sizeMedium css-zylse7-MuiButtonBase-root-MuiIconButton-root"
                disabled=""
                tabindex="-1"
                title="Go to previous page"
                type="button"
              >
                <svg
                  aria-hidden="true"
                  class="MuiSvgIcon-root MuiSvgIcon-fontSizeMedium css-i4bv87-MuiSvgIcon-root"
                  data-testid="KeyboardArrowLeftIcon"
                  focusable="false"
                  viewBox="0 0 24 24"
                >
                  <path
                    d="M15.41 16.09l-4.58-4.59 4.58-4.59L14 5.5l-6 6 6 6z"
                  />
                </svg>
              </button>
              <button
                aria-label="Go to next page"
                class="MuiButtonBase-root Mui-disabled MuiIconButton-root Mui-disabled MuiIconButton-colorInherit MuiIconButton-sizeMedium css-zylse7-MuiButtonBase-root-MuiIconButton-root"
                disabled=""
                tabindex="-1"
                title="Go to next page"
                type="button"
              >
                <svg
                  aria-hidden="true"
                  class="MuiSvgIcon-root MuiSvgIcon-fontSizeMedium css-i4bv87-MuiSvgIcon-root"
                  data-testid="KeyboardArrowRightIcon"
                  focusable="false"
                  viewBox="0 0 24 24"
                >
                  <path
                    d="M8.59 16.34l4.58-4.59-4.58-4.59L10 5.75l6 6-6 6z"
                  />
                </svg>
              </button>
            </div>
          </div>
        </div>
      </div>
    </div>
  </div>
</DocumentFragment>
`;
